Archive member included to satisfy reference by file (symbol)

c:/st/stm32cubeide_1.4.0/stm32cubeide/plugins/com.st.stm32cube.ide.mcu.externaltools.gnu-tools-for-stm32.9-2020-q2-update.win32_1.5.0.202011040924/tools/bin/../lib/gcc/arm-none-eabi/9.3.1/../../../../arm-none-eabi/lib/thumb/v6-m/nofp\libc_nano.a(lib_a-errno.o)
                              Core/Src/syscalls.o (__errno)
c:/st/stm32cubeide_1.4.0/stm32cubeide/plugins/com.st.stm32cube.ide.mcu.externaltools.gnu-tools-for-stm32.9-2020-q2-update.win32_1.5.0.202011040924/tools/bin/../lib/gcc/arm-none-eabi/9.3.1/../../../../arm-none-eabi/lib/thumb/v6-m/nofp\libc_nano.a(lib_a-exit.o)
                              c:/st/stm32cubeide_1.4.0/stm32cubeide/plugins/com.st.stm32cube.ide.mcu.externaltools.gnu-tools-for-stm32.9-2020-q2-update.win32_1.5.0.202011040924/tools/bin/../lib/gcc/arm-none-eabi/9.3.1/../../../../arm-none-eabi/lib/thumb/v6-m/nofp/crt0.o (exit)
c:/st/stm32cubeide_1.4.0/stm32cubeide/plugins/com.st.stm32cube.ide.mcu.externaltools.gnu-tools-for-stm32.9-2020-q2-update.win32_1.5.0.202011040924/tools/bin/../lib/gcc/arm-none-eabi/9.3.1/../../../../arm-none-eabi/lib/thumb/v6-m/nofp\libc_nano.a(lib_a-impure.o)
                              c:/st/stm32cubeide_1.4.0/stm32cubeide/plugins/com.st.stm32cube.ide.mcu.externaltools.gnu-tools-for-stm32.9-2020-q2-update.win32_1.5.0.202011040924/tools/bin/../lib/gcc/arm-none-eabi/9.3.1/../../../../arm-none-eabi/lib/thumb/v6-m/nofp\libc_nano.a(lib_a-exit.o) (_global_impure_ptr)
c:/st/stm32cubeide_1.4.0/stm32cubeide/plugins/com.st.stm32cube.ide.mcu.externaltools.gnu-tools-for-stm32.9-2020-q2-update.win32_1.5.0.202011040924/tools/bin/../lib/gcc/arm-none-eabi/9.3.1/../../../../arm-none-eabi/lib/thumb/v6-m/nofp\libc_nano.a(lib_a-init.o)
                              c:/st/stm32cubeide_1.4.0/stm32cubeide/plugins/com.st.stm32cube.ide.mcu.externaltools.gnu-tools-for-stm32.9-2020-q2-update.win32_1.5.0.202011040924/tools/bin/../lib/gcc/arm-none-eabi/9.3.1/../../../../arm-none-eabi/lib/thumb/v6-m/nofp/crt0.o (__libc_init_array)
c:/st/stm32cubeide_1.4.0/stm32cubeide/plugins/com.st.stm32cube.ide.mcu.externaltools.gnu-tools-for-stm32.9-2020-q2-update.win32_1.5.0.202011040924/tools/bin/../lib/gcc/arm-none-eabi/9.3.1/../../../../arm-none-eabi/lib/thumb/v6-m/nofp\libc_nano.a(lib_a-memset.o)
                              c:/st/stm32cubeide_1.4.0/stm32cubeide/plugins/com.st.stm32cube.ide.mcu.externaltools.gnu-tools-for-stm32.9-2020-q2-update.win32_1.5.0.202011040924/tools/bin/../lib/gcc/arm-none-eabi/9.3.1/../../../../arm-none-eabi/lib/thumb/v6-m/nofp/crt0.o (memset)
c:/st/stm32cubeide_1.4.0/stm32cubeide/plugins/com.st.stm32cube.ide.mcu.externaltools.gnu-tools-for-stm32.9-2020-q2-update.win32_1.5.0.202011040924/tools/bin/../lib/gcc/arm-none-eabi/9.3.1/thumb/v6-m/nofp\libgcc.a(_udivsi3.o)
                              Core/Src/stm32g0xx_hal_timebase_tim.o (__aeabi_uidiv)
c:/st/stm32cubeide_1.4.0/stm32cubeide/plugins/com.st.stm32cube.ide.mcu.externaltools.gnu-tools-for-stm32.9-2020-q2-update.win32_1.5.0.202011040924/tools/bin/../lib/gcc/arm-none-eabi/9.3.1/thumb/v6-m/nofp\libgcc.a(_divsi3.o)
                              Drivers/STM32G0xx_HAL_Driver/Src/stm32g0xx_hal_uart_ex.o (__aeabi_idiv)
c:/st/stm32cubeide_1.4.0/stm32cubeide/plugins/com.st.stm32cube.ide.mcu.externaltools.gnu-tools-for-stm32.9-2020-q2-update.win32_1.5.0.202011040924/tools/bin/../lib/gcc/arm-none-eabi/9.3.1/thumb/v6-m/nofp\libgcc.a(_dvmd_tls.o)
                              c:/st/stm32cubeide_1.4.0/stm32cubeide/plugins/com.st.stm32cube.ide.mcu.externaltools.gnu-tools-for-stm32.9-2020-q2-update.win32_1.5.0.202011040924/tools/bin/../lib/gcc/arm-none-eabi/9.3.1/thumb/v6-m/nofp\libgcc.a(_udivsi3.o) (__aeabi_idiv0)

Allocating common symbols
Common symbol       size              file

hi2c1               0x4c              Core/Src/i2c.o
uwTick              0x4               Drivers/STM32G0xx_HAL_Driver/Src/stm32g0xx_hal.o
hrtc                0x2c              Core/Src/rtc.o
htim6               0x4c              Core/Src/stm32g0xx_hal_timebase_tim.o
htim1               0x4c              Core/Src/tim.o
hspi1               0x64              Core/Src/spi.o
huart2              0x90              Core/Src/usart.o

Discarded input sections

 .text          0x0000000000000000        0x0 c:/st/stm32cubeide_1.4.0/stm32cubeide/plugins/com.st.stm32cube.ide.mcu.externaltools.gnu-tools-for-stm32.9-2020-q2-update.win32_1.5.0.202011040924/tools/bin/../lib/gcc/arm-none-eabi/9.3.1/thumb/v6-m/nofp/crti.o
 .data          0x0000000000000000        0x0 c:/st/stm32cubeide_1.4.0/stm32cubeide/plugins/com.st.stm32cube.ide.mcu.externaltools.gnu-tools-for-stm32.9-2020-q2-update.win32_1.5.0.202011040924/tools/bin/../lib/gcc/arm-none-eabi/9.3.1/thumb/v6-m/nofp/crti.o
[...]
Memory Configuration

Name             Origin             Length             Attributes
RAM              0x0000000020000000 0x0000000000009000 xrw
FLASH            0x0000000008000000 0x0000000000020000 xr
*default*        0x0000000000000000 0xffffffffffffffff

Linker script and memory map

LOAD c:/st/stm32cubeide_1.4.0/stm32cubeide/plugins/com.st.stm32cube.ide.mcu.externaltools.gnu-tools-for-stm32.9-2020-q2-update.win32_1.5.0.202011040924/tools/bin/../lib/gcc/arm-none-eabi/9.3.1/thumb/v6-m/nofp/crti.o
LOAD c:/st/stm32cubeide_1.4.0/stm32cubeide/plugins/com.st.stm32cube.ide.mcu.externaltools.gnu-tools-for-stm32.9-2020-q2-update.win32_1.5.0.202011040924/tools/bin/../lib/gcc/arm-none-eabi/9.3.1/thumb/v6-m/nofp/crtbegin.o
LOAD c:/st/stm32cubeide_1.4.0/stm32cubeide/plugins/com.st.stm32cube.ide.mcu.externaltools.gnu-tools-for-stm32.9-2020-q2-update.win32_1.5.0.202011040924/tools/bin/../lib/gcc/arm-none-eabi/9.3.1/../../../../arm-none-eabi/lib/thumb/v6-m/nofp/crt0.o
LOAD Core/Src/gpio.o
LOAD Core/Src/i2c.o
LOAD Core/Src/main.o
LOAD Core/Src/rtc.o
LOAD Core/Src/spi.o
LOAD Core/Src/stm32g0xx_hal_msp.o
LOAD Core/Src/stm32g0xx_hal_timebase_tim.o
LOAD Core/Src/stm32g0xx_it.o
LOAD Core/Src/syscalls.o
LOAD Core/Src/sysmem.o
LOAD Core/Src/system_stm32g0xx.o
LOAD Core/Src/tim.o
LOAD Core/Src/usart.o
LOAD Core/Startup/startup_stm32g070rbtx.o
LOAD Drivers/STM32G0xx_HAL_Driver/Src/stm32g0xx_hal.o
LOAD Drivers/STM32G0xx_HAL_Driver/Src/stm32g0xx_hal_cortex.o
LOAD Drivers/STM32G0xx_HAL_Driver/Src/stm32g0xx_hal_dma.o
LOAD Drivers/STM32G0xx_HAL_Driver/Src/stm32g0xx_hal_dma_ex.o
LOAD Drivers/STM32G0xx_HAL_Driver/Src/stm32g0xx_hal_exti.o
LOAD Drivers/STM32G0xx_HAL_Driver/Src/stm32g0xx_hal_flash.o
LOAD Drivers/STM32G0xx_HAL_Driver/Src/stm32g0xx_hal_flash_ex.o
LOAD Drivers/STM32G0xx_HAL_Driver/Src/stm32g0xx_hal_gpio.o
LOAD Drivers/STM32G0xx_HAL_Driver/Src/stm32g0xx_hal_i2c.o
LOAD Drivers/STM32G0xx_HAL_Driver/Src/stm32g0xx_hal_i2c_ex.o
LOAD Drivers/STM32G0xx_HAL_Driver/Src/stm32g0xx_hal_pwr.o
LOAD Drivers/STM32G0xx_HAL_Driver/Src/stm32g0xx_hal_pwr_ex.o
LOAD Drivers/STM32G0xx_HAL_Driver/Src/stm32g0xx_hal_rcc.o
LOAD Drivers/STM32G0xx_HAL_Driver/Src/stm32g0xx_hal_rcc_ex.o
LOAD Drivers/STM32G0xx_HAL_Driver/Src/stm32g0xx_hal_rtc.o
LOAD Drivers/STM32G0xx_HAL_Driver/Src/stm32g0xx_hal_rtc_ex.o
LOAD Drivers/STM32G0xx_HAL_Driver/Src/stm32g0xx_hal_spi.o
LOAD Drivers/STM32G0xx_HAL_Driver/Src/stm32g0xx_hal_spi_ex.o
LOAD Drivers/STM32G0xx_HAL_Driver/Src/stm32g0xx_hal_tim.o
LOAD Drivers/STM32G0xx_HAL_Driver/Src/stm32g0xx_hal_tim_ex.o
LOAD Drivers/STM32G0xx_HAL_Driver/Src/stm32g0xx_hal_uart.o
LOAD Drivers/STM32G0xx_HAL_Driver/Src/stm32g0xx_hal_uart_ex.o
LOAD Drivers/STM32G0xx_HAL_Driver/Src/stm32g0xx_ll_dma.o
LOAD Drivers/STM32G0xx_HAL_Driver/Src/stm32g0xx_ll_rcc.o
START GROUP
LOAD c:/st/stm32cubeide_1.4.0/stm32cubeide/plugins/com.st.stm32cube.ide.mcu.externaltools.gnu-tools-for-stm32.9-2020-q2-update.win32_1.5.0.202011040924/tools/bin/../lib/gcc/arm-none-eabi/9.3.1/../../../../arm-none-eabi/lib/thumb/v6-m/nofp\libc_nano.a
LOAD c:/st/stm32cubeide_1.4.0/stm32cubeide/plugins/com.st.stm32cube.ide.mcu.externaltools.gnu-tools-for-stm32.9-2020-q2-update.win32_1.5.0.202011040924/tools/bin/../lib/gcc/arm-none-eabi/9.3.1/../../../../arm-none-eabi/lib/thumb/v6-m/nofp\libm.a
END GROUP
START GROUP
LOAD c:/st/stm32cubeide_1.4.0/stm32cubeide/plugins/com.st.stm32cube.ide.mcu.externaltools.gnu-tools-for-stm32.9-2020-q2-update.win32_1.5.0.202011040924/tools/bin/../lib/gcc/arm-none-eabi/9.3.1/thumb/v6-m/nofp\libgcc.a
LOAD c:/st/stm32cubeide_1.4.0/stm32cubeide/plugins/com.st.stm32cube.ide.mcu.externaltools.gnu-tools-for-stm32.9-2020-q2-update.win32_1.5.0.202011040924/tools/bin/../lib/gcc/arm-none-eabi/9.3.1/../../../../arm-none-eabi/lib/thumb/v6-m/nofp\libc_nano.a
END GROUP
START GROUP
LOAD c:/st/stm32cubeide_1.4.0/stm32cubeide/plugins/com.st.stm32cube.ide.mcu.externaltools.gnu-tools-for-stm32.9-2020-q2-update.win32_1.5.0.202011040924/tools/bin/../lib/gcc/arm-none-eabi/9.3.1/thumb/v6-m/nofp\libgcc.a
LOAD c:/st/stm32cubeide_1.4.0/stm32cubeide/plugins/com.st.stm32cube.ide.mcu.externaltools.gnu-tools-for-stm32.9-2020-q2-update.win32_1.5.0.202011040924/tools/bin/../lib/gcc/arm-none-eabi/9.3.1/../../../../arm-none-eabi/lib/thumb/v6-m/nofp\libc_nano.a
LOAD c:/st/stm32cubeide_1.4.0/stm32cubeide/plugins/com.st.stm32cube.ide.mcu.externaltools.gnu-tools-for-stm32.9-2020-q2-update.win32_1.5.0.202011040924/tools/bin/../lib/gcc/arm-none-eabi/9.3.1/../../../../arm-none-eabi/lib/thumb/v6-m/nofp\libnosys.a
END GROUP
START GROUP
LOAD c:/st/stm32cubeide_1.4.0/stm32cubeide/plugins/com.st.stm32cube.ide.mcu.externaltools.gnu-tools-for-stm32.9-2020-q2-update.win32_1.5.0.202011040924/tools/bin/../lib/gcc/arm-none-eabi/9.3.1/thumb/v6-m/nofp\libgcc.a
LOAD c:/st/stm32cubeide_1.4.0/stm32cubeide/plugins/com.st.stm32cube.ide.mcu.externaltools.gnu-tools-for-stm32.9-2020-q2-update.win32_1.5.0.202011040924/tools/bin/../lib/gcc/arm-none-eabi/9.3.1/../../../../arm-none-eabi/lib/thumb/v6-m/nofp\libc_nano.a
LOAD c:/st/stm32cubeide_1.4.0/stm32cubeide/plugins/com.st.stm32cube.ide.mcu.externaltools.gnu-tools-for-stm32.9-2020-q2-update.win32_1.5.0.202011040924/tools/bin/../lib/gcc/arm-none-eabi/9.3.1/../../../../arm-none-eabi/lib/thumb/v6-m/nofp\libnosys.a
END GROUP
LOAD c:/st/stm32cubeide_1.4.0/stm32cubeide/plugins/com.st.stm32cube.ide.mcu.externaltools.gnu-tools-for-stm32.9-2020-q2-update.win32_1.5.0.202011040924/tools/bin/../lib/gcc/arm-none-eabi/9.3.1/thumb/v6-m/nofp/crtend.o
LOAD c:/st/stm32cubeide_1.4.0/stm32cubeide/plugins/com.st.stm32cube.ide.mcu.externaltools.gnu-tools-for-stm32.9-2020-q2-update.win32_1.5.0.202011040924/tools/bin/../lib/gcc/arm-none-eabi/9.3.1/thumb/v6-m/nofp/crtn.o
                0x0000000020009000                _estack = (ORIGIN (RAM) + LENGTH (RAM))
                0x0000000000000200                _Min_Heap_Size = 0x200
                0x0000000000000400                _Min_Stack_Size = 0x400

.isr_vector     0x0000000008000000       0xb8
                0x0000000008000000                . = ALIGN (0x4)
 *(.isr_vector)
 .isr_vector    0x0000000008000000       0xb8 Core/Startup/startup_stm32g070rbtx.o
                0x0000000008000000                g_pfnVectors
                0x00000000080000b8                . = ALIGN (0x4)

.text           0x00000000080000b8     0x44e0
                0x00000000080000b8                . = ALIGN (0x4)
 *(.text)
 .text          0x00000000080000b8       0x48 c:/st/stm32cubeide_1.4.0/stm32cubeide/plugins/com.st.stm32cube.ide.mcu.externaltools.gnu-tools-for-stm32.9-2020-q2-update.win32_1.5.0.202011040924/tools/bin/../lib/gcc/arm-none-eabi/9.3.1/thumb/v6-m/nofp/crtbegin.o
 .text          0x0000000008000100      0x114 c:/st/stm32cubeide_1.4.0/stm32cubeide/plugins/com.st.stm32cube.ide.mcu.externaltools.gnu-tools-for-stm32.9-2020-q2-update.win32_1.5.0.202011040924/tools/bin/../lib/gcc/arm-none-eabi/9.3.1/thumb/v6-m/nofp\libgcc.a(_udivsi3.o)
                0x0000000008000100                __aeabi_uidiv
                0x0000000008000100                __udivsi3
                0x000000000800020c                __aeabi_uidivmod
 .text          0x0000000008000214      0x1d4 c:/st/stm32cubeide_1.4.0/stm32cubeide/plugins/com.st.stm32cube.ide.mcu.externaltools.gnu-tools-for-stm32.9-2020-q2-update.win32_1.5.0.202011040924/tools/bin/../lib/gcc/arm-none-eabi/9.3.1/thumb/v6-m/nofp\libgcc.a(_divsi3.o)
                0x0000000008000214                __divsi3
                0x0000000008000214                __aeabi_idiv
                0x00000000080003e0                __aeabi_idivmod
 .text          0x00000000080003e8        0x4 c:/st/stm32cubeide_1.4.0/stm32cubeide/plugins/com.st.stm32cube.ide.mcu.externaltools.gnu-tools-for-stm32.9-2020-q2-update.win32_1.5.0.202011040924/tools/bin/../lib/gcc/arm-none-eabi/9.3.1/thumb/v6-m/nofp\libgcc.a(_dvmd_tls.o)
                0x00000000080003e8                __aeabi_idiv0
                0x00000000080003e8                __aeabi_ldiv0
 *(.text*)
 .text.MX_GPIO_Init
                0x00000000080003ec       0xf0 Core/Src/gpio.o
                0x00000000080003ec                MX_GPIO_Init
 .text.MX_I2C1_Init
                0x00000000080004dc       0x80 Core/Src/i2c.o
                0x00000000080004dc                MX_I2C1_Init
 .text.HAL_I2C_MspInit
                0x000000000800055c       0x98 Core/Src/i2c.o
                0x000000000800055c                HAL_I2C_MspInit
 .text.main     0x00000000080005f4       0x26 Core/Src/main.o
                0x00000000080005f4                main
 *fill*         0x000000000800061a        0x2 
 .text.SystemClock_Config
                0x000000000800061c       0xf0 Core/Src/main.o
                0x000000000800061c                SystemClock_Config
 .text.HAL_TIM_PeriodElapsedCallback
                0x000000000800070c       0x24 Core/Src/main.o
                0x000000000800070c                HAL_TIM_PeriodElapsedCallback
 .text.Error_Handler
                0x0000000008000730        0xa Core/Src/main.o
                0x0000000008000730                Error_Handler
 *fill*         0x000000000800073a        0x2 
 .text.MX_RTC_Init
                0x000000000800073c       0xd8 Core/Src/rtc.o
                0x000000000800073c                MX_RTC_Init
 .text.HAL_RTC_MspInit
                0x0000000008000814       0x4c Core/Src/rtc.o
                0x0000000008000814                HAL_RTC_MspInit
 .text.MX_SPI1_Init
                0x0000000008000860       0x7c Core/Src/spi.o
                0x0000000008000860                MX_SPI1_Init
 .text.HAL_SPI_MspInit
                0x00000000080008dc       0x98 Core/Src/spi.o
                0x00000000080008dc                HAL_SPI_MspInit
 .text.HAL_MspInit
                0x0000000008000974       0x50 Core/Src/stm32g0xx_hal_msp.o
                0x0000000008000974                HAL_MspInit
 .text.HAL_InitTick
                0x00000000080009c4       0xb8 Core/Src/stm32g0xx_hal_timebase_tim.o
                0x00000000080009c4                HAL_InitTick
 .text.NMI_Handler
                0x0000000008000a7c        0x6 Core/Src/stm32g0xx_it.o
                0x0000000008000a7c                NMI_Handler
 .text.HardFault_Handler
                0x0000000008000a82        0x6 Core/Src/stm32g0xx_it.o
                0x0000000008000a82                HardFault_Handler
 .text.SVC_Handler
                0x0000000008000a88        0xa Core/Src/stm32g0xx_it.o
                0x0000000008000a88                SVC_Handler
 .text.PendSV_Handler
                0x0000000008000a92        0xa Core/Src/stm32g0xx_it.o
                0x0000000008000a92                PendSV_Handler
 .text.SysTick_Handler
                0x0000000008000a9c        0xa Core/Src/stm32g0xx_it.o
                0x0000000008000a9c                SysTick_Handler
 *fill*         0x0000000008000aa6        0x2 
 .text.TIM6_IRQHandler
                0x0000000008000aa8       0x18 Core/Src/stm32g0xx_it.o
                0x0000000008000aa8                TIM6_IRQHandler
 .text.SystemInit
                0x0000000008000ac0       0x18 Core/Src/system_stm32g0xx.o
                0x0000000008000ac0                SystemInit
 .text.MX_TIM1_Init
                0x0000000008000ad8      0x198 Core/Src/tim.o
                0x0000000008000ad8                MX_TIM1_Init
 .text.HAL_TIM_Base_MspInit
                0x0000000008000c70       0x40 Core/Src/tim.o
                0x0000000008000c70                HAL_TIM_Base_MspInit
 .text.HAL_TIM_MspPostInit
                0x0000000008000cb0       0x7c Core/Src/tim.o
                0x0000000008000cb0                HAL_TIM_MspPostInit
 .text.MX_USART2_UART_Init
                0x0000000008000d2c       0x9c Core/Src/usart.o
                0x0000000008000d2c                MX_USART2_UART_Init
 .text.HAL_UART_MspInit
                0x0000000008000dc8       0x94 Core/Src/usart.o
                0x0000000008000dc8                HAL_UART_MspInit
 .text.Reset_Handler
                0x0000000008000e5c       0x50 Core/Startup/startup_stm32g070rbtx.o
                0x0000000008000e5c                Reset_Handler
 .text.Default_Handler
                0x0000000008000eac        0x2 Core/Startup/startup_stm32g070rbtx.o
                0x0000000008000eac                TIM1_CC_IRQHandler
                0x0000000008000eac                I2C1_IRQHandler
                0x0000000008000eac                RTC_TAMP_IRQHandler
                0x0000000008000eac                SPI1_IRQHandler
                0x0000000008000eac                USART3_4_IRQHandler
                0x0000000008000eac                EXTI2_3_IRQHandler
                0x0000000008000eac                ADC1_IRQHandler
                0x0000000008000eac                I2C2_IRQHandler
                0x0000000008000eac                TIM17_IRQHandler
                0x0000000008000eac                TIM16_IRQHandler
                0x0000000008000eac                TIM3_IRQHandler
                0x0000000008000eac                EXTI4_15_IRQHandler
                0x0000000008000eac                RCC_IRQHandler
                0x0000000008000eac                DMA1_Channel1_IRQHandler
                0x0000000008000eac                Default_Handler
                0x0000000008000eac                TIM14_IRQHandler
                0x0000000008000eac                TIM7_IRQHandler
                0x0000000008000eac                TIM15_IRQHandler
                0x0000000008000eac                EXTI0_1_IRQHandler
                0x0000000008000eac                SPI2_IRQHandler
                0x0000000008000eac                WWDG_IRQHandler
                0x0000000008000eac                DMA1_Ch4_7_DMAMUX1_OVR_IRQHandler
                0x0000000008000eac                DMA1_Channel2_3_IRQHandler
                0x0000000008000eac                USART2_IRQHandler
                0x0000000008000eac                FLASH_IRQHandler
                0x0000000008000eac                USART1_IRQHandler
                0x0000000008000eac                TIM1_BRK_UP_TRG_COM_IRQHandler
 *fill*         0x0000000008000eae        0x2 
 .text.HAL_Init
                0x0000000008000eb0       0x40 Drivers/STM32G0xx_HAL_Driver/Src/stm32g0xx_hal.o
                0x0000000008000eb0                HAL_Init
 .text.HAL_IncTick
                0x0000000008000ef0       0x24 Drivers/STM32G0xx_HAL_Driver/Src/stm32g0xx_hal.o
                0x0000000008000ef0                HAL_IncTick
 .text.HAL_GetTick
                0x0000000008000f14       0x14 Drivers/STM32G0xx_HAL_Driver/Src/stm32g0xx_hal.o
                0x0000000008000f14                HAL_GetTick
 .text.HAL_SYSCFG_StrobeDBattpinsConfig
                0x0000000008000f28       0x2c Drivers/STM32G0xx_HAL_Driver/Src/stm32g0xx_hal.o
                0x0000000008000f28                HAL_SYSCFG_StrobeDBattpinsConfig
 .text.__NVIC_EnableIRQ
                0x0000000008000f54       0x34 Drivers/STM32G0xx_HAL_Driver/Src/stm32g0xx_hal_cortex.o
 .text.__NVIC_SetPriority
                0x0000000008000f88       0xdc Drivers/STM32G0xx_HAL_Driver/Src/stm32g0xx_hal_cortex.o
 .text.HAL_NVIC_SetPriority
                0x0000000008001064       0x2a Drivers/STM32G0xx_HAL_Driver/Src/stm32g0xx_hal_cortex.o
                0x0000000008001064                HAL_NVIC_SetPriority
 .text.HAL_NVIC_EnableIRQ
                0x000000000800108e       0x20 Drivers/STM32G0xx_HAL_Driver/Src/stm32g0xx_hal_cortex.o
                0x000000000800108e                HAL_NVIC_EnableIRQ
 *fill*         0x00000000080010ae        0x2 
 .text.HAL_GPIO_Init
                0x00000000080010b0      0x2c8 Drivers/STM32G0xx_HAL_Driver/Src/stm32g0xx_hal_gpio.o
                0x00000000080010b0                HAL_GPIO_Init
 .text.HAL_GPIO_WritePin
                0x0000000008001378       0x3a Drivers/STM32G0xx_HAL_Driver/Src/stm32g0xx_hal_gpio.o
                0x0000000008001378                HAL_GPIO_WritePin
 *fill*         0x00000000080013b2        0x2 
 .text.HAL_I2C_Init
                0x00000000080013b4      0x12c Drivers/STM32G0xx_HAL_Driver/Src/stm32g0xx_hal_i2c.o
                0x00000000080013b4                HAL_I2C_Init
 .text.HAL_I2CEx_ConfigAnalogFilter
                0x00000000080014e0       0x98 Drivers/STM32G0xx_HAL_Driver/Src/stm32g0xx_hal_i2c_ex.o
                0x00000000080014e0                HAL_I2CEx_ConfigAnalogFilter
 .text.HAL_I2CEx_ConfigDigitalFilter
                0x0000000008001578       0x98 Drivers/STM32G0xx_HAL_Driver/Src/stm32g0xx_hal_i2c_ex.o
                0x0000000008001578                HAL_I2CEx_ConfigDigitalFilter
 .text.HAL_PWREx_ControlVoltageScaling
                0x0000000008001610       0x80 Drivers/STM32G0xx_HAL_Driver/Src/stm32g0xx_hal_pwr_ex.o
                0x0000000008001610                HAL_PWREx_ControlVoltageScaling
 .text.LL_RCC_GetAPB1Prescaler
                0x0000000008001690       0x18 Drivers/STM32G0xx_HAL_Driver/Src/stm32g0xx_hal_rcc.o
 .text.HAL_RCC_OscConfig
                0x00000000080016a8      0x62c Drivers/STM32G0xx_HAL_Driver/Src/stm32g0xx_hal_rcc.o
                0x00000000080016a8                HAL_RCC_OscConfig
 .text.HAL_RCC_ClockConfig
                0x0000000008001cd4      0x210 Drivers/STM32G0xx_HAL_Driver/Src/stm32g0xx_hal_rcc.o
                0x0000000008001cd4                HAL_RCC_ClockConfig
 .text.HAL_RCC_GetSysClockFreq
                0x0000000008001ee4      0x104 Drivers/STM32G0xx_HAL_Driver/Src/stm32g0xx_hal_rcc.o
                0x0000000008001ee4                HAL_RCC_GetSysClockFreq
 .text.HAL_RCC_GetHCLKFreq
                0x0000000008001fe8       0x14 Drivers/STM32G0xx_HAL_Driver/Src/stm32g0xx_hal_rcc.o
                0x0000000008001fe8                HAL_RCC_GetHCLKFreq
 .text.HAL_RCC_GetPCLK1Freq
                0x0000000008001ffc       0x2c Drivers/STM32G0xx_HAL_Driver/Src/stm32g0xx_hal_rcc.o
                0x0000000008001ffc                HAL_RCC_GetPCLK1Freq
 .text.HAL_RCC_GetClockConfig
                0x0000000008002028       0x54 Drivers/STM32G0xx_HAL_Driver/Src/stm32g0xx_hal_rcc.o
                0x0000000008002028                HAL_RCC_GetClockConfig
 .text.HAL_RCCEx_PeriphCLKConfig
                0x000000000800207c      0x268 Drivers/STM32G0xx_HAL_Driver/Src/stm32g0xx_hal_rcc_ex.o
                0x000000000800207c                HAL_RCCEx_PeriphCLKConfig
 .text.HAL_RTC_Init
                0x00000000080022e4      0x12c Drivers/STM32G0xx_HAL_Driver/Src/stm32g0xx_hal_rtc.o
                0x00000000080022e4                HAL_RTC_Init
 .text.HAL_RTC_SetTime
                0x0000000008002410      0x150 Drivers/STM32G0xx_HAL_Driver/Src/stm32g0xx_hal_rtc.o
                0x0000000008002410                HAL_RTC_SetTime
 .text.HAL_RTC_SetDate
                0x0000000008002560      0x124 Drivers/STM32G0xx_HAL_Driver/Src/stm32g0xx_hal_rtc.o
                0x0000000008002560                HAL_RTC_SetDate
 .text.HAL_RTC_WaitForSynchro
                0x0000000008002684       0x4e Drivers/STM32G0xx_HAL_Driver/Src/stm32g0xx_hal_rtc.o
                0x0000000008002684                HAL_RTC_WaitForSynchro
 .text.RTC_EnterInitMode
                0x00000000080026d2       0x84 Drivers/STM32G0xx_HAL_Driver/Src/stm32g0xx_hal_rtc.o
                0x00000000080026d2                RTC_EnterInitMode
 *fill*         0x0000000008002756        0x2 
 .text.RTC_ExitInitMode
                0x0000000008002758       0x88 Drivers/STM32G0xx_HAL_Driver/Src/stm32g0xx_hal_rtc.o
                0x0000000008002758                RTC_ExitInitMode
 .text.RTC_ByteToBcd2
                0x00000000080027e0       0x50 Drivers/STM32G0xx_HAL_Driver/Src/stm32g0xx_hal_rtc.o
                0x00000000080027e0                RTC_ByteToBcd2
 .text.HAL_SPI_Init
                0x0000000008002830      0x170 Drivers/STM32G0xx_HAL_Driver/Src/stm32g0xx_hal_spi.o
                0x0000000008002830                HAL_SPI_Init
 .text.HAL_TIM_Base_Init
                0x00000000080029a0       0xb0 Drivers/STM32G0xx_HAL_Driver/Src/stm32g0xx_hal_tim.o
                0x00000000080029a0                HAL_TIM_Base_Init
 .text.HAL_TIM_Base_Start_IT
                0x0000000008002a50       0xac Drivers/STM32G0xx_HAL_Driver/Src/stm32g0xx_hal_tim.o
                0x0000000008002a50                HAL_TIM_Base_Start_IT
 .text.HAL_TIM_PWM_Init
                0x0000000008002afc       0xb0 Drivers/STM32G0xx_HAL_Driver/Src/stm32g0xx_hal_tim.o
                0x0000000008002afc                HAL_TIM_PWM_Init
 .text.HAL_TIM_PWM_MspInit
                0x0000000008002bac       0x10 Drivers/STM32G0xx_HAL_Driver/Src/stm32g0xx_hal_tim.o
                0x0000000008002bac                HAL_TIM_PWM_MspInit
 .text.HAL_TIM_IRQHandler
                0x0000000008002bbc      0x264 Drivers/STM32G0xx_HAL_Driver/Src/stm32g0xx_hal_tim.o
                0x0000000008002bbc                HAL_TIM_IRQHandler
 .text.HAL_TIM_PWM_ConfigChannel
                0x0000000008002e20      0x1ec Drivers/STM32G0xx_HAL_Driver/Src/stm32g0xx_hal_tim.o
                0x0000000008002e20                HAL_TIM_PWM_ConfigChannel
 .text.HAL_TIM_ConfigClockSource
                0x000000000800300c      0x198 Drivers/STM32G0xx_HAL_Driver/Src/stm32g0xx_hal_tim.o
                0x000000000800300c                HAL_TIM_ConfigClockSource
 .text.HAL_TIM_OC_DelayElapsedCallback
                0x00000000080031a4       0x10 Drivers/STM32G0xx_HAL_Driver/Src/stm32g0xx_hal_tim.o
                0x00000000080031a4                HAL_TIM_OC_DelayElapsedCallback
 .text.HAL_TIM_IC_CaptureCallback
                0x00000000080031b4       0x10 Drivers/STM32G0xx_HAL_Driver/Src/stm32g0xx_hal_tim.o
                0x00000000080031b4                HAL_TIM_IC_CaptureCallback
 .text.HAL_TIM_PWM_PulseFinishedCallback
                0x00000000080031c4       0x10 Drivers/STM32G0xx_HAL_Driver/Src/stm32g0xx_hal_tim.o
                0x00000000080031c4                HAL_TIM_PWM_PulseFinishedCallback
 .text.HAL_TIM_TriggerCallback
                0x00000000080031d4       0x10 Drivers/STM32G0xx_HAL_Driver/Src/stm32g0xx_hal_tim.o
                0x00000000080031d4                HAL_TIM_TriggerCallback
 .text.TIM_Base_SetConfig
                0x00000000080031e4       0xec Drivers/STM32G0xx_HAL_Driver/Src/stm32g0xx_hal_tim.o
                0x00000000080031e4                TIM_Base_SetConfig
 .text.TIM_OC1_SetConfig
                0x00000000080032d0      0x114 Drivers/STM32G0xx_HAL_Driver/Src/stm32g0xx_hal_tim.o
 .text.TIM_OC2_SetConfig
                0x00000000080033e4      0x108 Drivers/STM32G0xx_HAL_Driver/Src/stm32g0xx_hal_tim.o
                0x00000000080033e4                TIM_OC2_SetConfig
 .text.TIM_OC3_SetConfig
                0x00000000080034ec      0x110 Drivers/STM32G0xx_HAL_Driver/Src/stm32g0xx_hal_tim.o
 .text.TIM_OC4_SetConfig
                0x00000000080035fc       0xd4 Drivers/STM32G0xx_HAL_Driver/Src/stm32g0xx_hal_tim.o
 .text.TIM_OC5_SetConfig
                0x00000000080036d0       0xc0 Drivers/STM32G0xx_HAL_Driver/Src/stm32g0xx_hal_tim.o
 .text.TIM_OC6_SetConfig
                0x0000000008003790       0xc8 Drivers/STM32G0xx_HAL_Driver/Src/stm32g0xx_hal_tim.o
 .text.TIM_TI1_ConfigInputStage
                0x0000000008003858       0x5c Drivers/STM32G0xx_HAL_Driver/Src/stm32g0xx_hal_tim.o
 .text.TIM_TI2_ConfigInputStage
                0x00000000080038b4       0x64 Drivers/STM32G0xx_HAL_Driver/Src/stm32g0xx_hal_tim.o
 .text.TIM_ITRx_SetConfig
                0x0000000008003918       0x38 Drivers/STM32G0xx_HAL_Driver/Src/stm32g0xx_hal_tim.o
 .text.TIM_ETR_SetConfig
                0x0000000008003950       0x40 Drivers/STM32G0xx_HAL_Driver/Src/stm32g0xx_hal_tim.o
                0x0000000008003950                TIM_ETR_SetConfig
 .text.HAL_TIMEx_MasterConfigSynchronization
                0x0000000008003990       0xd0 Drivers/STM32G0xx_HAL_Driver/Src/stm32g0xx_hal_tim_ex.o
                0x0000000008003990                HAL_TIMEx_MasterConfigSynchronization
 .text.HAL_TIMEx_ConfigBreakDeadTime
                0x0000000008003a60      0x14c Drivers/STM32G0xx_HAL_Driver/Src/stm32g0xx_hal_tim_ex.o
                0x0000000008003a60                HAL_TIMEx_ConfigBreakDeadTime
 .text.HAL_TIMEx_CommutCallback
                0x0000000008003bac       0x10 Drivers/STM32G0xx_HAL_Driver/Src/stm32g0xx_hal_tim_ex.o
                0x0000000008003bac                HAL_TIMEx_CommutCallback
 .text.HAL_TIMEx_BreakCallback
                0x0000000008003bbc       0x10 Drivers/STM32G0xx_HAL_Driver/Src/stm32g0xx_hal_tim_ex.o
                0x0000000008003bbc                HAL_TIMEx_BreakCallback
 .text.HAL_TIMEx_Break2Callback
                0x0000000008003bcc       0x10 Drivers/STM32G0xx_HAL_Driver/Src/stm32g0xx_hal_tim_ex.o
                0x0000000008003bcc                HAL_TIMEx_Break2Callback
 .text.HAL_UART_Init
                0x0000000008003bdc       0xac Drivers/STM32G0xx_HAL_Driver/Src/stm32g0xx_hal_uart.o
                0x0000000008003bdc                HAL_UART_Init
 .text.UART_SetConfig
                0x0000000008003c88      0x354 Drivers/STM32G0xx_HAL_Driver/Src/stm32g0xx_hal_uart.o
                0x0000000008003c88                UART_SetConfig
 .text.UART_AdvFeatureConfig
                0x0000000008003fdc      0x168 Drivers/STM32G0xx_HAL_Driver/Src/stm32g0xx_hal_uart.o
                0x0000000008003fdc                UART_AdvFeatureConfig
 .text.UART_CheckIdleState
                0x0000000008004144       0x94 Drivers/STM32G0xx_HAL_Driver/Src/stm32g0xx_hal_uart.o
                0x0000000008004144                UART_CheckIdleState
 .text.UART_WaitOnFlagUntilTimeout
                0x00000000080041d8      0x104 Drivers/STM32G0xx_HAL_Driver/Src/stm32g0xx_hal_uart.o
                0x00000000080041d8                UART_WaitOnFlagUntilTimeout
 .text.HAL_UARTEx_DisableFifoMode
                0x00000000080042dc       0x74 Drivers/STM32G0xx_HAL_Driver/Src/stm32g0xx_hal_uart_ex.o
                0x00000000080042dc                HAL_UARTEx_DisableFifoMode
 .text.HAL_UARTEx_SetTxFifoThreshold
                0x0000000008004350       0x7e Drivers/STM32G0xx_HAL_Driver/Src/stm32g0xx_hal_uart_ex.o
                0x0000000008004350                HAL_UARTEx_SetTxFifoThreshold
 *fill*         0x00000000080043ce        0x2 
 .text.HAL_UARTEx_SetRxFifoThreshold
                0x00000000080043d0       0x84 Drivers/STM32G0xx_HAL_Driver/Src/stm32g0xx_hal_uart_ex.o
                0x00000000080043d0                HAL_UARTEx_SetRxFifoThreshold
 .text.UARTEx_SetNbDataToProcess
                0x0000000008004454       0xd4 Drivers/STM32G0xx_HAL_Driver/Src/stm32g0xx_hal_uart_ex.o
 .text.__libc_init_array
                0x0000000008004528       0x48 c:/st/stm32cubeide_1.4.0/stm32cubeide/plugins/com.st.stm32cube.ide.mcu.externaltools.gnu-tools-for-stm32.9-2020-q2-update.win32_1.5.0.202011040924/tools/bin/../lib/gcc/arm-none-eabi/9.3.1/../../../../arm-none-eabi/lib/thumb/v6-m/nofp\libc_nano.a(lib_a-init.o)
                0x0000000008004528                __libc_init_array
 .text.memset   0x0000000008004570       0x10 c:/st/stm32cubeide_1.4.0/stm32cubeide/plugins/com.st.stm32cube.ide.mcu.externaltools.gnu-tools-for-stm32.9-2020-q2-update.win32_1.5.0.202011040924/tools/bin/../lib/gcc/arm-none-eabi/9.3.1/../../../../arm-none-eabi/lib/thumb/v6-m/nofp\libc_nano.a(lib_a-memset.o)
                0x0000000008004570                memset
 *(.glue_7)
 .glue_7        0x0000000008004580        0x0 linker stubs
 *(.glue_7t)
 .glue_7t       0x0000000008004580        0x0 linker stubs
 *(.eh_frame)
 .eh_frame      0x0000000008004580        0x0 c:/st/stm32cubeide_1.4.0/stm32cubeide/plugins/com.st.stm32cube.ide.mcu.externaltools.gnu-tools-for-stm32.9-2020-q2-update.win32_1.5.0.202011040924/tools/bin/../lib/gcc/arm-none-eabi/9.3.1/thumb/v6-m/nofp/crtbegin.o
 *(.init)
 .init          0x0000000008004580        0x4 c:/st/stm32cubeide_1.4.0/stm32cubeide/plugins/com.st.stm32cube.ide.mcu.externaltools.gnu-tools-for-stm32.9-2020-q2-update.win32_1.5.0.202011040924/tools/bin/../lib/gcc/arm-none-eabi/9.3.1/thumb/v6-m/nofp/crti.o
                0x0000000008004580                _init
 .init          0x0000000008004584        0x8 c:/st/stm32cubeide_1.4.0/stm32cubeide/plugins/com.st.stm32cube.ide.mcu.externaltools.gnu-tools-for-stm32.9-2020-q2-update.win32_1.5.0.202011040924/tools/bin/../lib/gcc/arm-none-eabi/9.3.1/thumb/v6-m/nofp/crtn.o
 *(.fini)
 .fini          0x000000000800458c        0x4 c:/st/stm32cubeide_1.4.0/stm32cubeide/plugins/com.st.stm32cube.ide.mcu.externaltools.gnu-tools-for-stm32.9-2020-q2-update.win32_1.5.0.202011040924/tools/bin/../lib/gcc/arm-none-eabi/9.3.1/thumb/v6-m/nofp/crti.o
                0x000000000800458c                _fini
 .fini          0x0000000008004590        0x8 c:/st/stm32cubeide_1.4.0/stm32cubeide/plugins/com.st.stm32cube.ide.mcu.externaltools.gnu-tools-for-stm32.9-2020-q2-update.win32_1.5.0.202011040924/tools/bin/../lib/gcc/arm-none-eabi/9.3.1/thumb/v6-m/nofp/crtn.o
                0x0000000008004598                . = ALIGN (0x4)
                0x0000000008004598                _etext = .

.vfp11_veneer   0x0000000008004598        0x0
 .vfp11_veneer  0x0000000008004598        0x0 linker stubs

.v4_bx          0x0000000008004598        0x0
 .v4_bx         0x0000000008004598        0x0 linker stubs

.iplt           0x0000000008004598        0x0
 .iplt          0x0000000008004598        0x0 c:/st/stm32cubeide_1.4.0/stm32cubeide/plugins/com.st.stm32cube.ide.mcu.externaltools.gnu-tools-for-stm32.9-2020-q2-update.win32_1.5.0.202011040924/tools/bin/../lib/gcc/arm-none-eabi/9.3.1/thumb/v6-m/nofp/crtbegin.o

.rodata         0x0000000008004598       0xdc
                0x0000000008004598                . = ALIGN (0x4)
 *(.rodata)
 .rodata        0x0000000008004598       0x10 Drivers/STM32G0xx_HAL_Driver/Src/stm32g0xx_hal_uart_ex.o
 *(.rodata*)
 .rodata.AHBPrescTable
                0x00000000080045a8       0x40 Core/Src/system_stm32g0xx.o
                0x00000000080045a8                AHBPrescTable
 .rodata.APBPrescTable
                0x00000000080045e8       0x20 Core/Src/system_stm32g0xx.o
                0x00000000080045e8                APBPrescTable
 .rodata.HAL_TIM_PWM_ConfigChannel
                0x0000000008004608       0x54 Drivers/STM32G0xx_HAL_Driver/Src/stm32g0xx_hal_tim.o
 .rodata.UARTPrescTable
                0x000000000800465c       0x18 Drivers/STM32G0xx_HAL_Driver/Src/stm32g0xx_hal_uart.o
                0x000000000800465c                UARTPrescTable
                0x0000000008004674                . = ALIGN (0x4)

.rel.dyn        0x0000000008004674        0x0
 .rel.iplt      0x0000000008004674        0x0 c:/st/stm32cubeide_1.4.0/stm32cubeide/plugins/com.st.stm32cube.ide.mcu.externaltools.gnu-tools-for-stm32.9-2020-q2-update.win32_1.5.0.202011040924/tools/bin/../lib/gcc/arm-none-eabi/9.3.1/thumb/v6-m/nofp/crtbegin.o

.ARM.extab      0x0000000008004674        0x0
                0x0000000008004674                . = ALIGN (0x4)
 *(.ARM.extab* .gnu.linkonce.armextab.*)
                0x0000000008004674                . = ALIGN (0x4)

.ARM            0x0000000008004674        0x0
                0x0000000008004674                . = ALIGN (0x4)
                0x0000000008004674                __exidx_start = .
 *(.ARM.exidx*)
                0x0000000008004674                __exidx_end = .
                0x0000000008004674                . = ALIGN (0x4)

.preinit_array  0x0000000008004674        0x0
                0x0000000008004674                . = ALIGN (0x4)
                0x0000000008004674                PROVIDE (__preinit_array_start = .)
 *(.preinit_array*)
                0x0000000008004674                PROVIDE (__preinit_array_end = .)
                0x0000000008004674                . = ALIGN (0x4)

.init_array     0x0000000008004674        0x4
                0x0000000008004674                . = ALIGN (0x4)
                0x0000000008004674                PROVIDE (__init_array_start = .)
 *(SORT_BY_NAME(.init_array.*))
 *(.init_array*)
 .init_array    0x0000000008004674        0x4 c:/st/stm32cubeide_1.4.0/stm32cubeide/plugins/com.st.stm32cube.ide.mcu.externaltools.gnu-tools-for-stm32.9-2020-q2-update.win32_1.5.0.202011040924/tools/bin/../lib/gcc/arm-none-eabi/9.3.1/thumb/v6-m/nofp/crtbegin.o
                0x0000000008004678                PROVIDE (__init_array_end = .)
                0x0000000008004678                . = ALIGN (0x4)

.fini_array     0x0000000008004678        0x4
                0x0000000008004678                . = ALIGN (0x4)
                [!provide]                        PROVIDE (__fini_array_start = .)
 *(SORT_BY_NAME(.fini_array.*))
 *(.fini_array*)
 .fini_array    0x0000000008004678        0x4 c:/st/stm32cubeide_1.4.0/stm32cubeide/plugins/com.st.stm32cube.ide.mcu.externaltools.gnu-tools-for-stm32.9-2020-q2-update.win32_1.5.0.202011040924/tools/bin/../lib/gcc/arm-none-eabi/9.3.1/thumb/v6-m/nofp/crtbegin.o
                [!provide]                        PROVIDE (__fini_array_end = .)
                0x000000000800467c                . = ALIGN (0x4)
                0x000000000800467c                _sidata = LOADADDR (.data)

.data           0x0000000020000000        0xc load address 0x000000000800467c
                0x0000000020000000                . = ALIGN (0x4)
                0x0000000020000000                _sdata = .
 *(.data)
 *(.data*)
 .data.SystemCoreClock
                0x0000000020000000        0x4 Core/Src/system_stm32g0xx.o
                0x0000000020000000                SystemCoreClock
 .data.uwTickPrio
                0x0000000020000004        0x4 Drivers/STM32G0xx_HAL_Driver/Src/stm32g0xx_hal.o
                0x0000000020000004                uwTickPrio
 .data.uwTickFreq
                0x0000000020000008        0x1 Drivers/STM32G0xx_HAL_Driver/Src/stm32g0xx_hal.o
                0x0000000020000008                uwTickFreq
 *(.RamFunc)
 *(.RamFunc*)
                0x000000002000000c                . = ALIGN (0x4)
 *fill*         0x0000000020000009        0x3 
                0x000000002000000c                _edata = .

.igot.plt       0x000000002000000c        0x0 load address 0x0000000008004688
 .igot.plt      0x000000002000000c        0x0 c:/st/stm32cubeide_1.4.0/stm32cubeide/plugins/com.st.stm32cube.ide.mcu.externaltools.gnu-tools-for-stm32.9-2020-q2-update.win32_1.5.0.202011040924/tools/bin/../lib/gcc/arm-none-eabi/9.3.1/thumb/v6-m/nofp/crtbegin.o
                0x000000002000000c                . = ALIGN (0x4)

.bss            0x000000002000000c      0x224 load address 0x0000000008004688
                0x000000002000000c                _sbss = .
                0x000000002000000c                __bss_start__ = _sbss
 *(.bss)
 .bss           0x000000002000000c       0x1c c:/st/stm32cubeide_1.4.0/stm32cubeide/plugins/com.st.stm32cube.ide.mcu.externaltools.gnu-tools-for-stm32.9-2020-q2-update.win32_1.5.0.202011040924/tools/bin/../lib/gcc/arm-none-eabi/9.3.1/thumb/v6-m/nofp/crtbegin.o
 *(.bss*)
 *(COMMON)
 COMMON         0x0000000020000028       0x4c Core/Src/i2c.o
                0x0000000020000028                hi2c1
 COMMON         0x0000000020000074       0x2c Core/Src/rtc.o
                0x0000000020000074                hrtc
 COMMON         0x00000000200000a0       0x64 Core/Src/spi.o
                0x00000000200000a0                hspi1
 COMMON         0x0000000020000104       0x4c Core/Src/stm32g0xx_hal_timebase_tim.o
                0x0000000020000104                htim6
 COMMON         0x0000000020000150       0x4c Core/Src/tim.o
                0x0000000020000150                htim1
 COMMON         0x000000002000019c       0x90 Core/Src/usart.o
                0x000000002000019c                huart2
 COMMON         0x000000002000022c        0x4 Drivers/STM32G0xx_HAL_Driver/Src/stm32g0xx_hal.o
                0x000000002000022c                uwTick
                0x0000000020000230                . = ALIGN (0x4)
                0x0000000020000230                _ebss = .
                0x0000000020000230                __bss_end__ = _ebss

._user_heap_stack
                0x0000000020000230      0x600 load address 0x0000000008004688
                0x0000000020000230                . = ALIGN (0x8)
                [!provide]                        PROVIDE (end = .)
                0x0000000020000230                PROVIDE (_end = .)
                0x0000000020000430                . = (. + _Min_Heap_Size)
 *fill*         0x0000000020000230      0x200 
                0x0000000020000830                . = (. + _Min_Stack_Size)
 *fill*         0x0000000020000430      0x400 
                0x0000000020000830                . = ALIGN (0x8)

/DISCARD/
 libc.a(*)
 libm.a(*)
 libgcc.a(*)

.ARM.attributes
                0x0000000000000000       0x28
 *(.ARM.attributes)
 .ARM.attributes
                0x0000000000000000       0x1e c:/st/stm32cubeide_1.4.0/stm32cubeide/plugins/com.st.stm32cube.ide.mcu.externaltools.gnu-tools-for-stm32.9-2020-q2-update.win32_1.5.0.202011040924/tools/bin/../lib/gcc/arm-none-eabi/9.3.1/thumb/v6-m/nofp/crti.o
 .ARM.attributes
                0x000000000000001e       0x2c c:/st/stm32cubeide_1.4.0/stm32cubeide/plugins/com.st.stm32cube.ide.mcu.externaltools.gnu-tools-for-stm32.9-2020-q2-update.win32_1.5.0.202011040924/tools/bin/../lib/gcc/arm-none-eabi/9.3.1/thumb/v6-m/nofp/crtbegin.o
 .ARM.attributes
                0x000000000000004a       0x2c Core/Src/gpio.o
 .ARM.attributes
                0x0000000000000076       0x2c Core/Src/i2c.o
 .ARM.attributes
                0x00000000000000a2       0x2c Core/Src/main.o
 .ARM.attributes
                0x00000000000000ce       0x2c Core/Src/rtc.o
 .ARM.attributes
                0x00000000000000fa       0x2c Core/Src/spi.o
 .ARM.attributes
                0x0000000000000126       0x2c Core/Src/stm32g0xx_hal_msp.o
 .ARM.attributes
                0x0000000000000152       0x2c Core/Src/stm32g0xx_hal_timebase_tim.o
 .ARM.attributes
                0x000000000000017e       0x2c Core/Src/stm32g0xx_it.o
 .ARM.attributes
                0x00000000000001aa       0x2c Core/Src/system_stm32g0xx.o
 .ARM.attributes
                0x00000000000001d6       0x2c Core/Src/tim.o
 .ARM.attributes
                0x0000000000000202       0x2c Core/Src/usart.o
 .ARM.attributes
                0x000000000000022e       0x22 Core/Startup/startup_stm32g070rbtx.o
 .ARM.attributes
                0x0000000000000250       0x2c Drivers/STM32G0xx_HAL_Driver/Src/stm32g0xx_hal.o
 .ARM.attributes
                0x000000000000027c       0x2c Drivers/STM32G0xx_HAL_Driver/Src/stm32g0xx_hal_cortex.o
 .ARM.attributes
                0x00000000000002a8       0x2c Drivers/STM32G0xx_HAL_Driver/Src/stm32g0xx_hal_gpio.o
 .ARM.attributes
                0x00000000000002d4       0x2c Drivers/STM32G0xx_HAL_Driver/Src/stm32g0xx_hal_i2c.o
 .ARM.attributes
                0x0000000000000300       0x2c Drivers/STM32G0xx_HAL_Driver/Src/stm32g0xx_hal_i2c_ex.o
 .ARM.attributes
                0x000000000000032c       0x2c Drivers/STM32G0xx_HAL_Driver/Src/stm32g0xx_hal_pwr_ex.o
 .ARM.attributes
                0x0000000000000358       0x2c Drivers/STM32G0xx_HAL_Driver/Src/stm32g0xx_hal_rcc.o
 .ARM.attributes
                0x0000000000000384       0x2c Drivers/STM32G0xx_HAL_Driver/Src/stm32g0xx_hal_rcc_ex.o
 .ARM.attributes
                0x00000000000003b0       0x2c Drivers/STM32G0xx_HAL_Driver/Src/stm32g0xx_hal_rtc.o
 .ARM.attributes
                0x00000000000003dc       0x2c Drivers/STM32G0xx_HAL_Driver/Src/stm32g0xx_hal_spi.o
 .ARM.attributes
                0x0000000000000408       0x2c Drivers/STM32G0xx_HAL_Driver/Src/stm32g0xx_hal_tim.o
 .ARM.attributes
                0x0000000000000434       0x2c Drivers/STM32G0xx_HAL_Driver/Src/stm32g0xx_hal_tim_ex.o
 .ARM.attributes
                0x0000000000000460       0x2c Drivers/STM32G0xx_HAL_Driver/Src/stm32g0xx_hal_uart.o
 .ARM.attributes
                0x000000000000048c       0x2c Drivers/STM32G0xx_HAL_Driver/Src/stm32g0xx_hal_uart_ex.o
 .ARM.attributes
                0x00000000000004b8       0x2c c:/st/stm32cubeide_1.4.0/stm32cubeide/plugins/com.st.stm32cube.ide.mcu.externaltools.gnu-tools-for-stm32.9-2020-q2-update.win32_1.5.0.202011040924/tools/bin/../lib/gcc/arm-none-eabi/9.3.1/../../../../arm-none-eabi/lib/thumb/v6-m/nofp\libc_nano.a(lib_a-init.o)
 .ARM.attributes
                0x00000000000004e4       0x2c c:/st/stm32cubeide_1.4.0/stm32cubeide/plugins/com.st.stm32cube.ide.mcu.externaltools.gnu-tools-for-stm32.9-2020-q2-update.win32_1.5.0.202011040924/tools/bin/../lib/gcc/arm-none-eabi/9.3.1/../../../../arm-none-eabi/lib/thumb/v6-m/nofp\libc_nano.a(lib_a-memset.o)
 .ARM.attributes
                0x0000000000000510       0x1e c:/st/stm32cubeide_1.4.0/stm32cubeide/plugins/com.st.stm32cube.ide.mcu.externaltools.gnu-tools-for-stm32.9-2020-q2-update.win32_1.5.0.202011040924/tools/bin/../lib/gcc/arm-none-eabi/9.3.1/thumb/v6-m/nofp\libgcc.a(_udivsi3.o)
 .ARM.attributes
                0x000000000000052e       0x1e c:/st/stm32cubeide_1.4.0/stm32cubeide/plugins/com.st.stm32cube.ide.mcu.externaltools.gnu-tools-for-stm32.9-2020-q2-update.win32_1.5.0.202011040924/tools/bin/../lib/gcc/arm-none-eabi/9.3.1/thumb/v6-m/nofp\libgcc.a(_divsi3.o)
 .ARM.attributes
                0x000000000000054c       0x1e c:/st/stm32cubeide_1.4.0/stm32cubeide/plugins/com.st.stm32cube.ide.mcu.externaltools.gnu-tools-for-stm32.9-2020-q2-update.win32_1.5.0.202011040924/tools/bin/../lib/gcc/arm-none-eabi/9.3.1/thumb/v6-m/nofp\libgcc.a(_dvmd_tls.o)
 .ARM.attributes
                0x000000000000056a       0x1e c:/st/stm32cubeide_1.4.0/stm32cubeide/plugins/com.st.stm32cube.ide.mcu.externaltools.gnu-tools-for-stm32.9-2020-q2-update.win32_1.5.0.202011040924/tools/bin/../lib/gcc/arm-none-eabi/9.3.1/thumb/v6-m/nofp/crtn.o
OUTPUT(G070_LVGL.elf elf32-littlearm)
LOAD linker stubs
LOAD c:/st/stm32cubeide_1.4.0/stm32cubeide/plugins/com.st.stm32cube.ide.mcu.externaltools.gnu-tools-for-stm32.9-2020-q2-update.win32_1.5.0.202011040924/tools/bin/../lib/gcc/arm-none-eabi/9.3.1/../../../../arm-none-eabi/lib/thumb/v6-m/nofp\libc.a
LOAD c:/st/stm32cubeide_1.4.0/stm32cubeide/plugins/com.st.stm32cube.ide.mcu.externaltools.gnu-tools-for-stm32.9-2020-q2-update.win32_1.5.0.202011040924/tools/bin/../lib/gcc/arm-none-eabi/9.3.1/../../../../arm-none-eabi/lib/thumb/v6-m/nofp\libm.a
LOAD c:/st/stm32cubeide_1.4.0/stm32cubeide/plugins/com.st.stm32cube.ide.mcu.externaltools.gnu-tools-for-stm32.9-2020-q2-update.win32_1.5.0.202011040924/tools/bin/../lib/gcc/arm-none-eabi/9.3.1/thumb/v6-m/nofp\libgcc.a

.debug_info     0x0000000000000000    0x17386
 .debug_info    0x0000000000000000      0x59b Core/Src/gpio.o
 .debug_info    0x000000000000059b      0xb9b Core/Src/i2c.o
 .debug_info    0x0000000000001136     0x1745 Core/Src/main.o
 .debug_info    0x000000000000287b      0x80d Core/Src/rtc.o
 .debug_info    0x0000000000003088      0xb67 Core/Src/spi.o
 .debug_info    0x0000000000003bef      0x427 Core/Src/stm32g0xx_hal_msp.o
 .debug_info    0x0000000000004016      0xc75 Core/Src/stm32g0xx_hal_timebase_tim.o
 .debug_info    0x0000000000004c8b      0x975 Core/Src/stm32g0xx_it.o
 .debug_info    0x0000000000005600      0x53b Core/Src/system_stm32g0xx.o
 .debug_info    0x0000000000005b3b      0xe92 Core/Src/tim.o
 .debug_info    0x00000000000069cd      0xc19 Core/Src/usart.o
 .debug_info    0x00000000000075e6       0x22 Core/Startup/startup_stm32g070rbtx.o
 .debug_info    0x0000000000007608      0xa2b Drivers/STM32G0xx_HAL_Driver/Src/stm32g0xx_hal.o
 .debug_info    0x0000000000008033      0xa86 Drivers/STM32G0xx_HAL_Driver/Src/stm32g0xx_hal_cortex.o
 .debug_info    0x0000000000008ab9      0x750 Drivers/STM32G0xx_HAL_Driver/Src/stm32g0xx_hal_gpio.o
 .debug_info    0x0000000000009209     0x233c Drivers/STM32G0xx_HAL_Driver/Src/stm32g0xx_hal_i2c.o
 .debug_info    0x000000000000b545      0xbb7 Drivers/STM32G0xx_HAL_Driver/Src/stm32g0xx_hal_i2c_ex.o
 .debug_info    0x000000000000c0fc      0x66d Drivers/STM32G0xx_HAL_Driver/Src/stm32g0xx_hal_pwr_ex.o
 .debug_info    0x000000000000c769      0xbbc Drivers/STM32G0xx_HAL_Driver/Src/stm32g0xx_hal_rcc.o
 .debug_info    0x000000000000d325      0x8f9 Drivers/STM32G0xx_HAL_Driver/Src/stm32g0xx_hal_rcc_ex.o
 .debug_info    0x000000000000dc1e      0xda6 Drivers/STM32G0xx_HAL_Driver/Src/stm32g0xx_hal_rtc.o
 .debug_info    0x000000000000e9c4     0x1933 Drivers/STM32G0xx_HAL_Driver/Src/stm32g0xx_hal_spi.o
 .debug_info    0x00000000000102f7     0x2d06 Drivers/STM32G0xx_HAL_Driver/Src/stm32g0xx_hal_tim.o
 .debug_info    0x0000000000012ffd     0x1910 Drivers/STM32G0xx_HAL_Driver/Src/stm32g0xx_hal_tim_ex.o
 .debug_info    0x000000000001490d     0x1c2a Drivers/STM32G0xx_HAL_Driver/Src/stm32g0xx_hal_uart.o
 .debug_info    0x0000000000016537      0xe4f Drivers/STM32G0xx_HAL_Driver/Src/stm32g0xx_hal_uart_ex.o

.debug_abbrev   0x0000000000000000     0x31ba
 .debug_abbrev  0x0000000000000000      0x14e Core/Src/gpio.o
 .debug_abbrev  0x000000000000014e      0x1c6 Core/Src/i2c.o
 .debug_abbrev  0x0000000000000314      0x1f6 Core/Src/main.o
 .debug_abbrev  0x000000000000050a      0x177 Core/Src/rtc.o
 .debug_abbrev  0x0000000000000681      0x1bb Core/Src/spi.o
 .debug_abbrev  0x000000000000083c      0x13d Core/Src/stm32g0xx_hal_msp.o
 .debug_abbrev  0x0000000000000979      0x1d0 Core/Src/stm32g0xx_hal_timebase_tim.o
 .debug_abbrev  0x0000000000000b49      0x198 Core/Src/stm32g0xx_it.o
 .debug_abbrev  0x0000000000000ce1      0x165 Core/Src/system_stm32g0xx.o
 .debug_abbrev  0x0000000000000e46      0x1df Core/Src/tim.o
 .debug_abbrev  0x0000000000001025      0x1bb Core/Src/usart.o
 .debug_abbrev  0x00000000000011e0       0x12 Core/Startup/startup_stm32g070rbtx.o
 .debug_abbrev  0x00000000000011f2      0x276 Drivers/STM32G0xx_HAL_Driver/Src/stm32g0xx_hal.o
 .debug_abbrev  0x0000000000001468      0x2c5 Drivers/STM32G0xx_HAL_Driver/Src/stm32g0xx_hal_cortex.o
 .debug_abbrev  0x000000000000172d      0x1df Drivers/STM32G0xx_HAL_Driver/Src/stm32g0xx_hal_gpio.o
 .debug_abbrev  0x000000000000190c      0x278 Drivers/STM32G0xx_HAL_Driver/Src/stm32g0xx_hal_i2c.o
 .debug_abbrev  0x0000000000001b84      0x1fd Drivers/STM32G0xx_HAL_Driver/Src/stm32g0xx_hal_i2c_ex.o
 .debug_abbrev  0x0000000000001d81      0x204 Drivers/STM32G0xx_HAL_Driver/Src/stm32g0xx_hal_pwr_ex.o
 .debug_abbrev  0x0000000000001f85      0x23d Drivers/STM32G0xx_HAL_Driver/Src/stm32g0xx_hal_rcc.o
 .debug_abbrev  0x00000000000021c2      0x1fc Drivers/STM32G0xx_HAL_Driver/Src/stm32g0xx_hal_rcc_ex.o
 .debug_abbrev  0x00000000000023be      0x1ec Drivers/STM32G0xx_HAL_Driver/Src/stm32g0xx_hal_rtc.o
 .debug_abbrev  0x00000000000025aa      0x265 Drivers/STM32G0xx_HAL_Driver/Src/stm32g0xx_hal_spi.o
 .debug_abbrev  0x000000000000280f      0x280 Drivers/STM32G0xx_HAL_Driver/Src/stm32g0xx_hal_tim.o
 .debug_abbrev  0x0000000000002a8f      0x277 Drivers/STM32G0xx_HAL_Driver/Src/stm32g0xx_hal_tim_ex.o
 .debug_abbrev  0x0000000000002d06      0x27f Drivers/STM32G0xx_HAL_Driver/Src/stm32g0xx_hal_uart.o
 .debug_abbrev  0x0000000000002f85      0x235 Drivers/STM32G0xx_HAL_Driver/Src/stm32g0xx_hal_uart_ex.o

.debug_aranges  0x0000000000000000     0x13a8
 .debug_aranges
                0x0000000000000000       0x20 Core/Src/gpio.o
 .debug_aranges
                0x0000000000000020       0x30 Core/Src/i2c.o
 .debug_aranges
                0x0000000000000050       0x38 Core/Src/main.o
 .debug_aranges
                0x0000000000000088       0x30 Core/Src/rtc.o
 .debug_aranges
                0x00000000000000b8       0x30 Core/Src/spi.o
 .debug_aranges
                0x00000000000000e8       0x20 Core/Src/stm32g0xx_hal_msp.o
 .debug_aranges
                0x0000000000000108       0x30 Core/Src/stm32g0xx_hal_timebase_tim.o
 .debug_aranges
                0x0000000000000138       0x48 Core/Src/stm32g0xx_it.o
 .debug_aranges
                0x0000000000000180       0x28 Core/Src/system_stm32g0xx.o
 .debug_aranges
                0x00000000000001a8       0x38 Core/Src/tim.o
 .debug_aranges
                0x00000000000001e0       0x30 Core/Src/usart.o
 .debug_aranges
                0x0000000000000210       0x28 Core/Startup/startup_stm32g070rbtx.o
 .debug_aranges
                0x0000000000000238       0xf8 Drivers/STM32G0xx_HAL_Driver/Src/stm32g0xx_hal.o
 .debug_aranges
                0x0000000000000330       0xd8 Drivers/STM32G0xx_HAL_Driver/Src/stm32g0xx_hal_cortex.o
 .debug_aranges
                0x0000000000000408       0x60 Drivers/STM32G0xx_HAL_Driver/Src/stm32g0xx_hal_gpio.o
 .debug_aranges
                0x0000000000000468      0x290 Drivers/STM32G0xx_HAL_Driver/Src/stm32g0xx_hal_i2c.o
 .debug_aranges
                0x00000000000006f8       0x48 Drivers/STM32G0xx_HAL_Driver/Src/stm32g0xx_hal_i2c_ex.o
 .debug_aranges
                0x0000000000000740       0x98 Drivers/STM32G0xx_HAL_Driver/Src/stm32g0xx_hal_pwr_ex.o
 .debug_aranges
                0x00000000000007d8       0x98 Drivers/STM32G0xx_HAL_Driver/Src/stm32g0xx_hal_rcc.o
 .debug_aranges
                0x0000000000000870       0x40 Drivers/STM32G0xx_HAL_Driver/Src/stm32g0xx_hal_rcc_ex.o
 .debug_aranges
                0x00000000000008b0       0xc0 Drivers/STM32G0xx_HAL_Driver/Src/stm32g0xx_hal_rtc.o
 .debug_aranges
                0x0000000000000970      0x1d8 Drivers/STM32G0xx_HAL_Driver/Src/stm32g0xx_hal_spi.o
 .debug_aranges
                0x0000000000000b48      0x3e0 Drivers/STM32G0xx_HAL_Driver/Src/stm32g0xx_hal_tim.o
 .debug_aranges
                0x0000000000000f28      0x198 Drivers/STM32G0xx_HAL_Driver/Src/stm32g0xx_hal_tim_ex.o
 .debug_aranges
                0x00000000000010c0      0x248 Drivers/STM32G0xx_HAL_Driver/Src/stm32g0xx_hal_uart.o
 .debug_aranges
                0x0000000000001308       0xa0 Drivers/STM32G0xx_HAL_Driver/Src/stm32g0xx_hal_uart_ex.o

.debug_ranges   0x0000000000000000     0x1240
 .debug_ranges  0x0000000000000000       0x10 Core/Src/gpio.o
 .debug_ranges  0x0000000000000010       0x20 Core/Src/i2c.o
 .debug_ranges  0x0000000000000030       0x28 Core/Src/main.o
 .debug_ranges  0x0000000000000058       0x20 Core/Src/rtc.o
 .debug_ranges  0x0000000000000078       0x20 Core/Src/spi.o
 .debug_ranges  0x0000000000000098       0x10 Core/Src/stm32g0xx_hal_msp.o
 .debug_ranges  0x00000000000000a8       0x20 Core/Src/stm32g0xx_hal_timebase_tim.o
 .debug_ranges  0x00000000000000c8       0x38 Core/Src/stm32g0xx_it.o
 .debug_ranges  0x0000000000000100       0x18 Core/Src/system_stm32g0xx.o
 .debug_ranges  0x0000000000000118       0x28 Core/Src/tim.o
 .debug_ranges  0x0000000000000140       0x20 Core/Src/usart.o
 .debug_ranges  0x0000000000000160       0x20 Core/Startup/startup_stm32g070rbtx.o
 .debug_ranges  0x0000000000000180       0xe8 Drivers/STM32G0xx_HAL_Driver/Src/stm32g0xx_hal.o
 .debug_ranges  0x0000000000000268       0xc8 Drivers/STM32G0xx_HAL_Driver/Src/stm32g0xx_hal_cortex.o
 .debug_ranges  0x0000000000000330       0x50 Drivers/STM32G0xx_HAL_Driver/Src/stm32g0xx_hal_gpio.o
 .debug_ranges  0x0000000000000380      0x280 Drivers/STM32G0xx_HAL_Driver/Src/stm32g0xx_hal_i2c.o
 .debug_ranges  0x0000000000000600       0x38 Drivers/STM32G0xx_HAL_Driver/Src/stm32g0xx_hal_i2c_ex.o
 .debug_ranges  0x0000000000000638       0x88 Drivers/STM32G0xx_HAL_Driver/Src/stm32g0xx_hal_pwr_ex.o
 .debug_ranges  0x00000000000006c0       0x88 Drivers/STM32G0xx_HAL_Driver/Src/stm32g0xx_hal_rcc.o
 .debug_ranges  0x0000000000000748       0x30 Drivers/STM32G0xx_HAL_Driver/Src/stm32g0xx_hal_rcc_ex.o
 .debug_ranges  0x0000000000000778       0xb0 Drivers/STM32G0xx_HAL_Driver/Src/stm32g0xx_hal_rtc.o
 .debug_ranges  0x0000000000000828      0x1c8 Drivers/STM32G0xx_HAL_Driver/Src/stm32g0xx_hal_spi.o
 .debug_ranges  0x00000000000009f0      0x3d0 Drivers/STM32G0xx_HAL_Driver/Src/stm32g0xx_hal_tim.o
 .debug_ranges  0x0000000000000dc0      0x188 Drivers/STM32G0xx_HAL_Driver/Src/stm32g0xx_hal_tim_ex.o
 .debug_ranges  0x0000000000000f48      0x268 Drivers/STM32G0xx_HAL_Driver/Src/stm32g0xx_hal_uart.o
 .debug_ranges  0x00000000000011b0       0x90 Drivers/STM32G0xx_HAL_Driver/Src/stm32g0xx_hal_uart_ex.o

.debug_macro    0x0000000000000000    0x17ca3
 .debug_macro   0x0000000000000000      0x23f Core/Src/gpio.o
 .debug_macro   0x000000000000023f      0xa7e Core/Src/gpio.o
 .debug_macro   0x0000000000000cbd      0x12f Core/Src/gpio.o
 .debug_macro   0x0000000000000dec       0x2e Core/Src/gpio.o
 .debug_macro   0x0000000000000e1a       0x28 Core/Src/gpio.o
 .debug_macro   0x0000000000000e42       0x22 Core/Src/gpio.o
 .debug_macro   0x0000000000000e64       0x8e Core/Src/gpio.o
 .debug_macro   0x0000000000000ef2       0x51 Core/Src/gpio.o
 .debug_macro   0x0000000000000f43      0x103 Core/Src/gpio.o
 .debug_macro   0x0000000000001046       0x6a Core/Src/gpio.o
 .debug_macro   0x00000000000010b0      0x1df Core/Src/gpio.o
 .debug_macro   0x000000000000128f       0x1c Core/Src/gpio.o
 .debug_macro   0x00000000000012ab       0x22 Core/Src/gpio.o
 .debug_macro   0x00000000000012cd       0xd7 Core/Src/gpio.o
 .debug_macro   0x00000000000013a4      0x4da Core/Src/gpio.o
 .debug_macro   0x000000000000187e      0x11f Core/Src/gpio.o
 .debug_macro   0x000000000000199d     0xa4a0 Core/Src/gpio.o
 .debug_macro   0x000000000000be3d       0x3c Core/Src/gpio.o
 .debug_macro   0x000000000000be79     0x34b5 Core/Src/gpio.o
 .debug_macro   0x000000000000f32e      0x174 Core/Src/gpio.o
 .debug_macro   0x000000000000f4a2       0x5c Core/Src/gpio.o
 .debug_macro   0x000000000000f4fe      0x485 Core/Src/gpio.o
 .debug_macro   0x000000000000f983      0xe2f Core/Src/gpio.o
 .debug_macro   0x00000000000107b2      0x13e Core/Src/gpio.o
 .debug_macro   0x00000000000108f0      0x153 Core/Src/gpio.o
 .debug_macro   0x0000000000010a43      0x13e Core/Src/gpio.o
 .debug_macro   0x0000000000010b81      0x3a8 Core/Src/gpio.o
 .debug_macro   0x0000000000010f29      0x280 Core/Src/gpio.o
 .debug_macro   0x00000000000111a9      0x345 Core/Src/gpio.o
 .debug_macro   0x00000000000114ee      0x198 Core/Src/gpio.o
 .debug_macro   0x0000000000011686       0x43 Core/Src/gpio.o
 .debug_macro   0x00000000000116c9      0x1f1 Core/Src/gpio.o
 .debug_macro   0x00000000000118ba      0x1d7 Core/Src/gpio.o
 .debug_macro   0x0000000000011a91      0x2a3 Core/Src/gpio.o
 .debug_macro   0x0000000000011d34       0x28 Core/Src/gpio.o
 .debug_macro   0x0000000000011d5c       0xcf Core/Src/gpio.o
 .debug_macro   0x0000000000011e2b      0x22c Core/Src/gpio.o
 .debug_macro   0x0000000000012057       0x64 Core/Src/gpio.o
 .debug_macro   0x00000000000120bb       0xa5 Core/Src/gpio.o
 .debug_macro   0x0000000000012160      0x118 Core/Src/gpio.o
 .debug_macro   0x0000000000012278      0x10d Core/Src/gpio.o
 .debug_macro   0x0000000000012385      0x321 Core/Src/gpio.o
 .debug_macro   0x00000000000126a6      0x433 Core/Src/gpio.o
 .debug_macro   0x0000000000012ad9       0xeb Core/Src/gpio.o
 .debug_macro   0x0000000000012bc4      0x2fe Core/Src/gpio.o
 .debug_macro   0x0000000000012ec2      0xa9f Core/Src/gpio.o
 .debug_macro   0x0000000000013961      0x124 Core/Src/gpio.o
 .debug_macro   0x0000000000013a85      0x67e Core/Src/gpio.o
 .debug_macro   0x0000000000014103       0xa6 Core/Src/gpio.o
 .debug_macro   0x00000000000141a9      0x43d Core/Src/gpio.o
 .debug_macro   0x00000000000145e6       0x64 Core/Src/gpio.o
 .debug_macro   0x000000000001464a      0x23f Core/Src/i2c.o
 .debug_macro   0x0000000000014889      0x275 Core/Src/main.o
 .debug_macro   0x0000000000014afe      0x23f Core/Src/rtc.o
 .debug_macro   0x0000000000014d3d      0x23f Core/Src/spi.o
 .debug_macro   0x0000000000014f7c      0x235 Core/Src/stm32g0xx_hal_msp.o
 .debug_macro   0x00000000000151b1      0x226 Core/Src/stm32g0xx_hal_timebase_tim.o
 .debug_macro   0x00000000000153d7      0x23f Core/Src/stm32g0xx_it.o
 .debug_macro   0x0000000000015616      0x22c Core/Src/system_stm32g0xx.o
 .debug_macro   0x0000000000015842      0x23f Core/Src/tim.o
 .debug_macro   0x0000000000015a81      0x23f Core/Src/usart.o
 .debug_macro   0x0000000000015cc0      0x244 Drivers/STM32G0xx_HAL_Driver/Src/stm32g0xx_hal.o
 .debug_macro   0x0000000000015f04      0x226 Drivers/STM32G0xx_HAL_Driver/Src/stm32g0xx_hal_cortex.o
 .debug_macro   0x000000000001612a      0x25e Drivers/STM32G0xx_HAL_Driver/Src/stm32g0xx_hal_gpio.o
 .debug_macro   0x0000000000016388      0x2eb Drivers/STM32G0xx_HAL_Driver/Src/stm32g0xx_hal_i2c.o
 .debug_macro   0x0000000000016673      0x226 Drivers/STM32G0xx_HAL_Driver/Src/stm32g0xx_hal_i2c_ex.o
 .debug_macro   0x0000000000016899      0x238 Drivers/STM32G0xx_HAL_Driver/Src/stm32g0xx_hal_pwr_ex.o
 .debug_macro   0x0000000000016ad1      0x262 Drivers/STM32G0xx_HAL_Driver/Src/stm32g0xx_hal_rcc.o
 .debug_macro   0x0000000000016d33      0x23e Drivers/STM32G0xx_HAL_Driver/Src/stm32g0xx_hal_rcc_ex.o
 .debug_macro   0x0000000000016f71      0x227 Drivers/STM32G0xx_HAL_Driver/Src/stm32g0xx_hal_rtc.o
 .debug_macro   0x0000000000017198      0x22e Drivers/STM32G0xx_HAL_Driver/Src/stm32g0xx_hal_spi.o
 .debug_macro   0x00000000000173c6      0x22e Drivers/STM32G0xx_HAL_Driver/Src/stm32g0xx_hal_tim.o
 .debug_macro   0x00000000000175f4      0x22c Drivers/STM32G0xx_HAL_Driver/Src/stm32g0xx_hal_tim_ex.o
 .debug_macro   0x0000000000017820      0x251 Drivers/STM32G0xx_HAL_Driver/Src/stm32g0xx_hal_uart.o
 .debug_macro   0x0000000000017a71      0x232 Drivers/STM32G0xx_HAL_Driver/Src/stm32g0xx_hal_uart_ex.o

.debug_line     0x0000000000000000    0x196b0
 .debug_line    0x0000000000000000      0x7ba Core/Src/gpio.o
 .debug_line    0x00000000000007ba      0x819 Core/Src/i2c.o
 .debug_line    0x0000000000000fd3      0x87b Core/Src/main.o
 .debug_line    0x000000000000184e      0x821 Core/Src/rtc.o
 .debug_line    0x000000000000206f      0x815 Core/Src/spi.o
 .debug_line    0x0000000000002884      0x79e Core/Src/stm32g0xx_hal_msp.o
 .debug_line    0x0000000000003022      0x7f9 Core/Src/stm32g0xx_hal_timebase_tim.o
 .debug_line    0x000000000000381b      0x814 Core/Src/stm32g0xx_it.o
 .debug_line    0x000000000000402f      0x817 Core/Src/system_stm32g0xx.o
 .debug_line    0x0000000000004846      0x894 Core/Src/tim.o
 .debug_line    0x00000000000050da      0x829 Core/Src/usart.o
 .debug_line    0x0000000000005903       0x89 Core/Startup/startup_stm32g070rbtx.o
 .debug_line    0x000000000000598c      0xab2 Drivers/STM32G0xx_HAL_Driver/Src/stm32g0xx_hal.o
 .debug_line    0x000000000000643e      0xbc6 Drivers/STM32G0xx_HAL_Driver/Src/stm32g0xx_hal_cortex.o
 .debug_line    0x0000000000007004      0xbbc Drivers/STM32G0xx_HAL_Driver/Src/stm32g0xx_hal_gpio.o
 .debug_line    0x0000000000007bc0     0x336d Drivers/STM32G0xx_HAL_Driver/Src/stm32g0xx_hal_i2c.o
 .debug_line    0x000000000000af2d      0x9ba Drivers/STM32G0xx_HAL_Driver/Src/stm32g0xx_hal_i2c_ex.o
 .debug_line    0x000000000000b8e7      0x9d4 Drivers/STM32G0xx_HAL_Driver/Src/stm32g0xx_hal_pwr_ex.o
 .debug_line    0x000000000000c2bb      0xf40 Drivers/STM32G0xx_HAL_Driver/Src/stm32g0xx_hal_rcc.o
 .debug_line    0x000000000000d1fb      0xb7e Drivers/STM32G0xx_HAL_Driver/Src/stm32g0xx_hal_rcc_ex.o
 .debug_line    0x000000000000dd79     0x1130 Drivers/STM32G0xx_HAL_Driver/Src/stm32g0xx_hal_rtc.o
 .debug_line    0x000000000000eea9     0x1f19 Drivers/STM32G0xx_HAL_Driver/Src/stm32g0xx_hal_spi.o
 .debug_line    0x0000000000010dc2     0x3bb3 Drivers/STM32G0xx_HAL_Driver/Src/stm32g0xx_hal_tim.o
 .debug_line    0x0000000000014975     0x1e42 Drivers/STM32G0xx_HAL_Driver/Src/stm32g0xx_hal_tim_ex.o
 .debug_line    0x00000000000167b7     0x215d Drivers/STM32G0xx_HAL_Driver/Src/stm32g0xx_hal_uart.o
 .debug_line    0x0000000000018914      0xd9c Drivers/STM32G0xx_HAL_Driver/Src/stm32g0xx_hal_uart_ex.o

.debug_str      0x0000000000000000    0x93e7e
 .debug_str     0x0000000000000000    0x8e39a Core/Src/gpio.o
                                      0x8e896 (size before relaxing)
 .debug_str     0x000000000008e39a      0x513 Core/Src/i2c.o
                                      0x8edfb (size before relaxing)
 .debug_str     0x000000000008e8ad      0xa00 Core/Src/main.o
                                      0x8f771 (size before relaxing)
 .debug_str     0x000000000008f2ad       0xd2 Core/Src/rtc.o
                                      0x8ea7c (size before relaxing)
 .debug_str     0x000000000008f37f       0x4b Core/Src/spi.o
                                      0x8ed45 (size before relaxing)
 .debug_str     0x000000000008f3ca       0x2c Core/Src/stm32g0xx_hal_msp.o
                                      0x8e80d (size before relaxing)
 .debug_str     0x000000000008f3f6      0x23d Core/Src/stm32g0xx_hal_timebase_tim.o
                                      0x8eed9 (size before relaxing)
 .debug_str     0x000000000008f633       0x86 Core/Src/stm32g0xx_it.o
                                      0x8ed51 (size before relaxing)
 .debug_str     0x000000000008f6b9       0x97 Core/Src/system_stm32g0xx.o
                                      0x8e70a (size before relaxing)
 .debug_str     0x000000000008f750      0x255 Core/Src/tim.o
                                      0x8f0a1 (size before relaxing)
 .debug_str     0x000000000008f9a5       0x57 Core/Src/usart.o
                                      0x8eda0 (size before relaxing)
 .debug_str     0x000000000008f9fc       0x36 Core/Startup/startup_stm32g070rbtx.o
                                         0x72 (size before relaxing)
 .debug_str     0x000000000008fa32      0x39c Drivers/STM32G0xx_HAL_Driver/Src/stm32g0xx_hal.o
                                      0x8ecd8 (size before relaxing)
 .debug_str     0x000000000008fdce      0x282 Drivers/STM32G0xx_HAL_Driver/Src/stm32g0xx_hal_cortex.o
                                      0x8eb40 (size before relaxing)
 .debug_str     0x0000000000090050      0x236 Drivers/STM32G0xx_HAL_Driver/Src/stm32g0xx_hal_gpio.o
                                      0x8e8d8 (size before relaxing)
 .debug_str     0x0000000000090286      0xd49 Drivers/STM32G0xx_HAL_Driver/Src/stm32g0xx_hal_i2c.o
                                      0x8f9a5 (size before relaxing)
 .debug_str     0x0000000000090fcf       0xb8 Drivers/STM32G0xx_HAL_Driver/Src/stm32g0xx_hal_i2c_ex.o
                                      0x8ed04 (size before relaxing)
 .debug_str     0x0000000000091087      0x241 Drivers/STM32G0xx_HAL_Driver/Src/stm32g0xx_hal_pwr_ex.o
                                      0x8e940 (size before relaxing)
 .debug_str     0x00000000000912c8      0x34b Drivers/STM32G0xx_HAL_Driver/Src/stm32g0xx_hal_rcc.o
                                      0x8ec5e (size before relaxing)
 .debug_str     0x0000000000091613      0x16c Drivers/STM32G0xx_HAL_Driver/Src/stm32g0xx_hal_rcc_ex.o
                                      0x8e9bf (size before relaxing)
 .debug_str     0x000000000009177f      0x227 Drivers/STM32G0xx_HAL_Driver/Src/stm32g0xx_hal_rtc.o
                                      0x8eae8 (size before relaxing)
 .debug_str     0x00000000000919a6      0x55b Drivers/STM32G0xx_HAL_Driver/Src/stm32g0xx_hal_spi.o
                                      0x8f03a (size before relaxing)
 .debug_str     0x0000000000091f01      0xda8 Drivers/STM32G0xx_HAL_Driver/Src/stm32g0xx_hal_tim.o
                                      0x8fb3a (size before relaxing)
 .debug_str     0x0000000000092ca9      0x5c1 Drivers/STM32G0xx_HAL_Driver/Src/stm32g0xx_hal_tim_ex.o
                                      0x8f4aa (size before relaxing)
 .debug_str     0x000000000009326a      0x936 Drivers/STM32G0xx_HAL_Driver/Src/stm32g0xx_hal_uart.o
                                      0x8f539 (size before relaxing)
 .debug_str     0x0000000000093ba0      0x2de Drivers/STM32G0xx_HAL_Driver/Src/stm32g0xx_hal_uart_ex.o
                                      0x8ee14 (size before relaxing)

.comment        0x0000000000000000       0x53
 .comment       0x0000000000000000       0x53 Core/Src/gpio.o
                                         0x54 (size before relaxing)
 .comment       0x0000000000000053       0x54 Core/Src/i2c.o
 .comment       0x0000000000000053       0x54 Core/Src/main.o
 .comment       0x0000000000000053       0x54 Core/Src/rtc.o
 .comment       0x0000000000000053       0x54 Core/Src/spi.o
 .comment       0x0000000000000053       0x54 Core/Src/stm32g0xx_hal_msp.o
 .comment       0x0000000000000053       0x54 Core/Src/stm32g0xx_hal_timebase_tim.o
 .comment       0x0000000000000053       0x54 Core/Src/stm32g0xx_it.o
 .comment       0x0000000000000053       0x54 Core/Src/system_stm32g0xx.o
 .comment       0x0000000000000053       0x54 Core/Src/tim.o
 .comment       0x0000000000000053       0x54 Core/Src/usart.o
 .comment       0x0000000000000053       0x54 Drivers/STM32G0xx_HAL_Driver/Src/stm32g0xx_hal.o
 .comment       0x0000000000000053       0x54 Drivers/STM32G0xx_HAL_Driver/Src/stm32g0xx_hal_cortex.o
 .comment       0x0000000000000053       0x54 Drivers/STM32G0xx_HAL_Driver/Src/stm32g0xx_hal_gpio.o
 .comment       0x0000000000000053       0x54 Drivers/STM32G0xx_HAL_Driver/Src/stm32g0xx_hal_i2c.o
 .comment       0x0000000000000053       0x54 Drivers/STM32G0xx_HAL_Driver/Src/stm32g0xx_hal_i2c_ex.o
 .comment       0x0000000000000053       0x54 Drivers/STM32G0xx_HAL_Driver/Src/stm32g0xx_hal_pwr_ex.o
 .comment       0x0000000000000053       0x54 Drivers/STM32G0xx_HAL_Driver/Src/stm32g0xx_hal_rcc.o
 .comment       0x0000000000000053       0x54 Drivers/STM32G0xx_HAL_Driver/Src/stm32g0xx_hal_rcc_ex.o
 .comment       0x0000000000000053       0x54 Drivers/STM32G0xx_HAL_Driver/Src/stm32g0xx_hal_rtc.o
 .comment       0x0000000000000053       0x54 Drivers/STM32G0xx_HAL_Driver/Src/stm32g0xx_hal_spi.o
 .comment       0x0000000000000053       0x54 Drivers/STM32G0xx_HAL_Driver/Src/stm32g0xx_hal_tim.o
 .comment       0x0000000000000053       0x54 Drivers/STM32G0xx_HAL_Driver/Src/stm32g0xx_hal_tim_ex.o
 .comment       0x0000000000000053       0x54 Drivers/STM32G0xx_HAL_Driver/Src/stm32g0xx_hal_uart.o
 .comment       0x0000000000000053       0x54 Drivers/STM32G0xx_HAL_Driver/Src/stm32g0xx_hal_uart_ex.o

.debug_frame    0x0000000000000000     0x4648
 .debug_frame   0x0000000000000000       0x30 Core/Src/gpio.o
 .debug_frame   0x0000000000000030       0x6c Core/Src/i2c.o
 .debug_frame   0x000000000000009c       0x88 Core/Src/main.o
 .debug_frame   0x0000000000000124       0x70 Core/Src/rtc.o
 .debug_frame   0x0000000000000194       0x6c Core/Src/spi.o
 .debug_frame   0x0000000000000200       0x30 Core/Src/stm32g0xx_hal_msp.o
 .debug_frame   0x0000000000000230       0x68 Core/Src/stm32g0xx_hal_timebase_tim.o
 .debug_frame   0x0000000000000298       0xb8 Core/Src/stm32g0xx_it.o
 .debug_frame   0x0000000000000350       0x4c Core/Src/system_stm32g0xx.o
 .debug_frame   0x000000000000039c       0x90 Core/Src/tim.o
 .debug_frame   0x000000000000042c       0x6c Core/Src/usart.o
 .debug_frame   0x0000000000000498      0x340 Drivers/STM32G0xx_HAL_Driver/Src/stm32g0xx_hal.o
 .debug_frame   0x00000000000007d8      0x2fc Drivers/STM32G0xx_HAL_Driver/Src/stm32g0xx_hal_cortex.o
 .debug_frame   0x0000000000000ad4      0x130 Drivers/STM32G0xx_HAL_Driver/Src/stm32g0xx_hal_gpio.o
 .debug_frame   0x0000000000000c04      0xa24 Drivers/STM32G0xx_HAL_Driver/Src/stm32g0xx_hal_i2c.o
 .debug_frame   0x0000000000001628       0xd0 Drivers/STM32G0xx_HAL_Driver/Src/stm32g0xx_hal_i2c_ex.o
 .debug_frame   0x00000000000016f8      0x1f4 Drivers/STM32G0xx_HAL_Driver/Src/stm32g0xx_hal_pwr_ex.o
 .debug_frame   0x00000000000018ec      0x1f4 Drivers/STM32G0xx_HAL_Driver/Src/stm32g0xx_hal_rcc.o
 .debug_frame   0x0000000000001ae0       0xb0 Drivers/STM32G0xx_HAL_Driver/Src/stm32g0xx_hal_rcc_ex.o
 .debug_frame   0x0000000000001b90      0x2c0 Drivers/STM32G0xx_HAL_Driver/Src/stm32g0xx_hal_rtc.o
 .debug_frame   0x0000000000001e50      0x710 Drivers/STM32G0xx_HAL_Driver/Src/stm32g0xx_hal_spi.o
 .debug_frame   0x0000000000002560      0xf38 Drivers/STM32G0xx_HAL_Driver/Src/stm32g0xx_hal_tim.o
 .debug_frame   0x0000000000003498      0x618 Drivers/STM32G0xx_HAL_Driver/Src/stm32g0xx_hal_tim_ex.o
 .debug_frame   0x0000000000003ab0      0x8d0 Drivers/STM32G0xx_HAL_Driver/Src/stm32g0xx_hal_uart.o
 .debug_frame   0x0000000000004380      0x23c Drivers/STM32G0xx_HAL_Driver/Src/stm32g0xx_hal_uart_ex.o
 .debug_frame   0x00000000000045bc       0x2c c:/st/stm32cubeide_1.4.0/stm32cubeide/plugins/com.st.stm32cube.ide.mcu.externaltools.gnu-tools-for-stm32.9-2020-q2-update.win32_1.5.0.202011040924/tools/bin/../lib/gcc/arm-none-eabi/9.3.1/../../../../arm-none-eabi/lib/thumb/v6-m/nofp\libc_nano.a(lib_a-init.o)
 .debug_frame   0x00000000000045e8       0x20 c:/st/stm32cubeide_1.4.0/stm32cubeide/plugins/com.st.stm32cube.ide.mcu.externaltools.gnu-tools-for-stm32.9-2020-q2-update.win32_1.5.0.202011040924/tools/bin/../lib/gcc/arm-none-eabi/9.3.1/../../../../arm-none-eabi/lib/thumb/v6-m/nofp\libc_nano.a(lib_a-memset.o)
 .debug_frame   0x0000000000004608       0x20 c:/st/stm32cubeide_1.4.0/stm32cubeide/plugins/com.st.stm32cube.ide.mcu.externaltools.gnu-tools-for-stm32.9-2020-q2-update.win32_1.5.0.202011040924/tools/bin/../lib/gcc/arm-none-eabi/9.3.1/thumb/v6-m/nofp\libgcc.a(_udivsi3.o)
 .debug_frame   0x0000000000004628       0x20 c:/st/stm32cubeide_1.4.0/stm32cubeide/plugins/com.st.stm32cube.ide.mcu.externaltools.gnu-tools-for-stm32.9-2020-q2-update.win32_1.5.0.202011040924/tools/bin/../lib/gcc/arm-none-eabi/9.3.1/thumb/v6-m/nofp\libgcc.a(_divsi3.o)
