ST7735.c:20:6:ST7735_write	16	static
ST7735.c:25:6:ST7735_write_color	16	static
ST7735.c:34:6:ST7735_cmd	8	static
ST7735.c:39:6:ST7735_data	8	static
ST7735.c:44:10:RGB565	0	static
ST7735.c:121:6:ST7735_Orientation	8	static
ST7735.c:48:6:ST7735_Init	8	static
ST7735.c:149:6:ST7735_AddrSet	32	static
ST7735.c:167:6:ST7735_Clear	32	static
ST7735.c:184:6:ST7735_Flush	24	static
ST7735.c:233:6:ST7735_Pixel	24	static
ST7735.c:241:6:ST7735_HLine	32	static
ST7735.c:256:6:ST7735_VLine	32	static
ST7735.c:271:6:ST7735_Line	56	static
ST7735.c:320:6:ST7735_Rect	32	static
ST7735.c:327:6:ST7735_FillRect	40	static
ST7735.c:343:6:ST7735_PutChar5x7	40	static
ST7735.c:368:6:ST7735_PutStr5x7	24	static
